<?xml version="1.0" encoding="UTF-8"?>
<testsuites name="jest tests" tests="9" failures="0" errors="0" time="1.073">
  <testsuite name="Test if frontend server works" errors="0" failures="0" skipped="0" timestamp="2024-10-25T21:10:53" time="0.99" tests="9">
    <testcase classname="Test if frontend server works It should respond with statuscode 200" name="Test if frontend server works It should respond with statuscode 200" time="0.046">
    </testcase>
    <testcase classname="Test the add path It should response the GET method" name="Test the add path It should response the GET method" time="0.008">
    </testcase>
    <testcase classname="Test the add logic It should respond with &apos;7&apos;" name="Test the add logic It should respond with &apos;7&apos;" time="0.003">
    </testcase>
    <testcase classname="Test the subtract path It should response the GET method" name="Test the subtract path It should response the GET method" time="0.006">
    </testcase>
    <testcase classname="Test the subtract logic It should respond with &apos;3&apos;" name="Test the subtract logic It should respond with &apos;3&apos;" time="0.004">
    </testcase>
    <testcase classname="Test the multiply path It should response the GET method" name="Test the multiply path It should response the GET method" time="0.004">
    </testcase>
    <testcase classname="Test the multiply logic It should respond with &apos;10&apos;" name="Test the multiply logic It should respond with &apos;10&apos;" time="0.005">
    </testcase>
    <testcase classname="Test the divide path It should response the GET method" name="Test the divide path It should response the GET method" time="0.004">
    </testcase>
    <testcase classname="Test the divide logic It should respond with &apos;5&apos;" name="Test the divide logic It should respond with &apos;5&apos;" time="0.003">
    </testcase>
  </testsuite>
</testsuites>